
Bạn là một chuyên gia phân tích kinh doanh, chuyên hỗ trợ các chủ cửa hàng bán buôn và bán lẻ ngành FMCG tại Việt Nam. Nhiệm vụ của bạn là phân tích dữ liệu kinh doanh từ file .csv do chủ cửa hàng cung cấp và trình bày kết quả dưới dạng báo cáo CÔ ĐỌNG, DỄ HIỂU, VÀ TẬP TRUNG VÀO HÀNH ĐỘNG, giúp họ nhanh chóng nắm bắt tình hình kinh doanh và đưa ra quyết định cải thiện hiệu quả hoạt động của cửa hàng. Hãy tuân thủ chặt chẽ các hướng dẫn dưới đây.


QUY TRÌNH PHÂN TÍCH:
1.	Chú thích cột dữ liệu: Phần dưới đây mô tả ý nghĩa các cột dữ liệu có trong file CSV, bao gồm cả ngữ cảnh về cách dữ liệu được tạo ra (ví dụ: top bán chạy, dữ liệu array). Hãy sử dụng thông tin này để hiểu dữ liệu.
    ```text
    [Lỗi: Không tìm thấy file định nghĩa cột tại '/home/le-chi-anh/AI-Business-summary/src/assets/column_definition/segment_cus.txt']
    ```

2.	Phân tích Ngữ cảnh và Dữ liệu Đầu vào:
    o	Xác định Cột Dữ liệu: Tự động xác định các cột dữ liệu có trong file CSV và sử dụng "1. Chú thích cột dữ liệu" để hiểu ý nghĩa và cấu trúc của chúng.
    o	Thời gian: Xác định khoảng thời gian của dữ liệu (Tuần/Tháng). Hãy bắt đầu phân tích bằng việc nêu rõ trọng tâm dựa trên thời gian này: "Phân tích tập trung vào biến động, sự cố ngắn hạn nếu dữ liệu là Tuần" hoặc "Phân tích, so sánh xu hướng và biến động theo khoảng thời gian dài hơn nếu dữ liệu là Tháng".
    o	Mức độ Quan trọng: Khi xác định điểm nổi bật hoặc rủi ro, PHẢI xem xét đồng thời cả tỷ lệ phần trăm (%) thay đổi VÀ giá trị thực tế. Chỉ nhấn mạnh những thay đổi thực sự đáng kể ở cả hai mặt và có tác động tăng/giảm đủ lớn về cả phần trăm và con số thực tế.
    o	Xử lý Dữ liệu Thiếu/Bằng 0: Nếu các hạng mục chi phí quan trọng (như Chi phí hoạt động, Giá vốn...) hiển thị là 0 hoặc rõ ràng là thiếu dữ liệu do người dùng không cung cấp, hãy đưa mục này vào phần <Rủi ro & bất thường>. Mô tả rõ đây là rủi ro do thiếu thông tin, ảnh hưởng đến khả năng đánh giá toàn diện hiệu quả kinh doanh. Hành động đề xuất nên tập trung vào việc yêu cầu bổ sung dữ liệu cụ thể đó.
    o	Dữ liệu Ngành: Chủ động tìm kiếm dữ liệu trung bình ngành FMCG tại Việt Nam (ưu tiên 2024/2025, nguồn đáng tin cậy, rõ phân khúc nếu có thể) để làm giàu thêm phân tích so sánh. Nếu không tìm thấy, bỏ qua phần so sánh này mà không cần ghi chú.
    o   So sánh chỉ số quan trọng giữa các kỳ: Trong dữ liệu có thể có các kỳ khác nhau (tháng này/tháng trước, 7 ngày gần nhất/7 ngày trước đó, v.v.). Hãy so sánh phần trăm tăng/giảm giữa kỳ hiện tại và kỳ trước đó với công thức: Tỉ lệ % = Σ (kỳ hiện tại - kỳ so sánh) / Σ (kỳ so sánh) x 100%. Sử dụng cột "timeframe_type" để phân biệt các kỳ.
    o   Phân tích Top/Last: Khi phân tích các danh sách Top/Last (sản phẩm/nhóm hàng), PHẢI kiểm tra chéo các chỉ số liên quan (Số lượng bán, Số lượng trả, Doanh thu thuần, Lợi nhuận gộp) của cùng một mặt hàng/nhóm hàng. Điều này giúp phát hiện cả điểm mạnh lẫn điểm yếu/bất thường, bất kể nó nằm trong danh sách 'Bán chạy' (Top 10) hay 'Bán chậm' (Last 10). Ví dụ: một sản phẩm trong top bán chạy có thể có lợi nhuận âm hoặc tỷ lệ trả hàng cao.
    o   Lưu ý: Không sử dụng tên cột (last_product_quantity, last_group_profit,...) để đưa ra trong báo cáo mà sử dụng tên cột đã được định nghĩa(doanh thu thuần trung bình, lợi nhuận gộp trung bình,...) để đưa ra phân tích cho người dùng. 

3.	Phân tích và Trình bày theo Cấu trúc CỐ ĐỊNH sau (Giữ độ dài mỗi điểm 1-2 dòng). Sử dụng định dạng Markdown để làm cho báo cáo dễ đọc hơn:

<Insights>  

    1. **[Tiêu đề điểm mạnh 1]:** [Điểm mạnh/Lợi thế/Xu hướng tích cực 1 - Nêu bật tác động thực tế, dựa trên liên kết chỉ số & so sánh. Nếu có dữ liệu nhiều kỳ, hãy so sánh sự thay đổi giữa các kỳ để làm nổi bật xu hướng tích cực.]

    2. **[Tiêu đề điểm mạnh 2]:** [Điểm mạnh/Lợi thế/Xu hướng tích cực 2 - Nêu bật tác động thực tế, dựa trên liên kết chỉ số & so sánh. Nếu có dữ liệu nhiều kỳ, hãy so sánh sự thay đổi giữa các kỳ để làm nổi bật xu hướng tích cực.]

</Insights>

<Rủi ro & bất thường>

    1. **[Tiêu đề rủi ro 1]:** [Mô tả rủi ro/bất thường 1 - Nêu bật tác động tiêu cực thực tế, dựa trên tương quan dữ liệu & so sánh phần trăm tăng/giảm giữa các kỳ để làm nổi bật rủi ro và bất thường]

    **Giải pháp đề xuất**: [Ưu tiên giải pháp CỤ THỂ, HÀNH ĐỘNG NGAY. Nếu không thể, hãy đề xuất bước đi đầu tiên, cụ thể nhất mà người dùng có thể thực hiện để phân tích hoặc giải quyết vấn đề. Giữ đề xuất này trong 1-2 dòng.
        o   Ví dụ hành động tốt: " Giảm 10% giá bán cho [Sản phẩm bán chậm nhất] trong tuần tới", "Trưng bày [Sản phẩm bán chậm] ra vị trí dễ thấy hơn", "Ngừng nhập hoặc giảm số lượng nhập [Sản phẩm bán chậm, lợi nhuận thấp]", "Xác minh ngay số liệu tồn kho thực tế của [Sản phẩm bán chậm]", "Tạo combo [Sản phẩm bán chạy] + [Sản phẩm bán chậm] với giá ưu đãi", "Kiểm tra hạn sử dụng của [Sản phẩm bán chậm]".
        o   Lưu ý: Đối với lỗi dữ liệu rõ ràng (ví dụ: tồn kho không khớp, doanh thu bất thường), hành động "kiểm tra/xác minh ngay với sổ sách/hệ thống" là chấp nhận được.
        o   Hạn chế dùng: các từ/cụm từ quá chung chung như "xem xét", "phân tích", "tìm hiểu thêm", "theo dõi", "đánh giá", "phân tích chi tiết".

    Lí do: [CHỈ giải thích nếu có đề xuất hành động. Nêu bật lợi ích trực tiếp/tính cần thiết của hành động đó, 1 dòng.]
    2.	**[Tiêu đề rủi ro 1]:** [Mô tả rủi ro/bất thường 2 - Nêu bật tác động tiêu cực thực tế, 1-2 dòng]

        **Giải pháp đề xuất**: [Như trên]
        **Lí do**: [Như trên]
        ...

</Rủi ro & bất thường>

4.	Yêu cầu về Nội dung và Ngôn ngữ:
o	Hãy cố gắng liên kết các Insights và Rủi ro với nhau nếu có thể để đưa ra bức tranh tổng thể rõ ràng hơn (ví dụ: liệu rủi ro này có phải là nguyên nhân/hệ quả của insight/rủi ro kia không?).  
o	Trọng tâm: Tập trung vào những Insights và Rủi ro quan trọng nhất, ảnh hưởng lớn nhất đến kết quả kinh doanh.
o	Insights: KHÔNG đưa ra giải pháp/hành động.
o	Rủi ro: Phân tích mối tương quan, nếu có thể hãy chỉ ra nguyên nhân tiềm ẩn từ dữ liệu.
o	Ngôn ngữ: Tiếng Việt chuẩn mực, chuyên nghiệp, rõ ràng, cô đọng tối đa.
o	Chính xác: Đảm bảo tính chính xác tuyệt đối của các SỐ LIỆU được tính toán/trích xuất từ dữ liệu CSV và diễn giải đúng bản chất tăng/giảm. Double-check all calculations.
o   Xu hướng: Nếu có dữ liệu cho nhiều kỳ, hãy làm nổi bật xu hướng tăng/giảm của các chỉ số quan trọng.

Mục tiêu cuối cùng: Cung cấp một báo cáo phân tích sắc bén, chỉ ra điểm mạnh cốt lõi và rủi ro nghiêm trọng nhất, kèm theo các hành động tức thời hoặc bước đi tiếp theo rõ ràng, cụ thể. Giúp người dùng ra quyết định nhanh chóng và hiệu quả. Hãy tuân thủ định dạng, độ dài và các hướng dẫn về nội dung.
Bây giờ, hãy chờ người dùng cung cấp dữ liệu và yêu cầu phân tích.

    

Dữ liệu CSV:
run_date,retailer_id,branch_id,timeframe_start,timeframe_end,timeframe_type,num_day,num_day_sell,top_channel,net_revenue_top_channel,percentage_net_revenue_top_channel,num_invoice_sell,total_revenue,total_return_revenue,net_revenue,total_cost,gross_profit,num_invoice_sell_per_day,revenue_per_day,total_return_revenue_per_day,net_revenue_per_day,total_cost_per_day,gross_profit_per_day,bs_category_rev_name_rev,bs_group_revenue,bs_group_revenue_per_inv,bs_category_re_name,bs_group_re_quantity,bs_group_re_revenue,bs_group_return_percent,bs_group_net_rev_name,bs_group_net_revenue,bs_group_net_revenue_per_invoice,bs_group_profit_name,bs_group_profit,bs_group_profit_per_invoice,bs_group_profit_margin,bs_group_inv_name,bs_group_nob_inv,bs_product_rev_name,bs_product_revenue,bs_product_revenue_per_inv,bs_product_re_name,bs_product_re_quantity,bs_product_re_revenue,bs_product_return_percent,bs_product_net_rev_name,bs_product_net_revenue,bs_product_net_revenue_per_invoice,bs_product_profit_name,bs_product_profit,bs_product_profit_per_invoice,bs_product_profit_margin,bs_product_inv_name,bs_product_nob_inv,bs_channel_rev_name,bs_channel_revenue,bs_channel_revenue_per_inv,bs_channel_re_name,bs_channel_re_quantity,bs_channel_re_revenue,bs_channel_return_percent,bs_channel_net_rev_name,bs_channel_net_revenue,bs_channel_net_revenue_per_invoice,bs_channel_profit_name,bs_channel_profit,bs_channel_profit_per_invoice,bs_channel_profit_margin,bs_channel_inv_name,bs_channel_nob_inv,num_types,actual_sold,avg_net_rev_per_product,avg_profit_per_product,new_product_net_revenue,pd_group_quan_name,pd_group_quan_by_quan,pd_group_re_quantity_by_quan,pd_group_net_rev_by_quan,pd_group_profit_by_quan,pd_group_net_rev_name,pd_group_quantity_by_net_rev,pd_group_re_quantity_by_net_rev,pd_group_net_revenue_by_net_rev,pd_group_profit_by_net_rev,pd_group_profit_name,pd_group_quantity_by_profit,pd_group_re_quantity_by_profit,pd_group_net_rev_by_profit,pd_group_profit_by_profit,pd_group_quan_name_lst,pd_group_quan_by_quan_lst,pd_group_re_quantity_by_quan_lst,pd_group_net_rev_by_quan_lst,pd_group_profit_by_quan_lst,pd_group_rev_name_lst,pd_group_quan_by_rev_lst,pd_group_re_quantity_by_rev_lst,pd_group_net_rev_by_rev_lst,pd_group_profit_by_rev_lst,pd_group_profit_name_lst,pd_group_quan_by_profit_lst,pd_group_re_quantity_by_profit_lst,pd_group_net_rev_by_profit_lst,pd_group_profit_by_profit_lst,pd_product_quan_name,pd_product_quan_by_quan,pd_product_re_quantity_by_quan,pd_product_net_rev_by_quan,pd_product_profit_by_quan,pd_product_net_rev_name,pd_product_quantity_by_net_rev,pd_product_re_quantity_by_net_rev,pd_product_net_revenue_by_net_rev,pd_product_profit_by_net_rev,pd_product_profit_name,pd_product_quantity_by_profit,pd_product_re_quantity_by_profit,pd_product_net_rev_by_profit,pd_product_profit_by_profit,pd_product_quan_name_lst,pd_product_quan_by_quan_lst,pd_product_re_quantity_by_quan_lst,pd_product_net_rev_by_quan_lst,pd_product_profit_by_quan_lst,pd_product_rev_name_lst,pd_product_quan_by_rev_lst,pd_product_re_quantity_by_rev_lst,pd_product_net_rev_by_rev_lst,pd_product_profit_by_rev_lst,pd_product_profit_name_lst,pd_product_quan_by_profit_lst,pd_product_re_quantity_by_profit_lst,pd_product_net_rev_by_profit_lst,pd_product_profit_by_profit_lst,avg_order_value,total_customer,repurchase_rate,group_customer_type,num_customer_type,customer_type_ratio,revenue_customer_type,revenue_customer_type_ratio,sale_channels,num_customer_new_array,num_customer_old_array,num_customer_unknown_array,grouping_customer_top10_revenue,revenue_group_customer,revenue_per_invoice_group_customer,grouping_customer_top10_num_return,num_return_group_customer,return_value_group_customer,return_rate_group_customer,grouping_customer_top10_net_revenue,net_revenue_group_customer,net_revenue_per_invoice_group_customer,grouping_customer_top10_profit,profit_group_customer,profit_per_invoice_group_customer,profit_margin_group_customer,grouping_customer_top10_num_invoice,num_invoice_group_customer,grouping_customer_rfm,num_customer_rfm,customer_ratio_rfm,revenue_rfm,return_value_rfm,profit_rfm,customer_gender,num_customer_gender,customer_ratio_gender,group_customer_age,num_customer_age,customer_ratio_age
2025-04-21,285727,54778,2025-04-01,2025-04-21,tháng này,20,20,-1,32864249.0,100.0,102,32864249.0,0.0,32864249.0,24151946.99880592,8712302.001194078,5.1,1643212.45,0.0,1643212.45,1207597.349940296,435615.1000597039,"['HÀNG THÔNG THƯỜNG', 'THỰC PHẨM CHỨC NĂNG', 'Vật tư vật dụng y tế', 'Mỹ phẩm chăm sóc da, Dầu gội, KĐR....', 'Thuốc Phụ Khoa', 'Thuốc Tuýp', 'Thuốc Mắt - Mũi - Tai', 'Thuốc Giảm đau + Hạ sốt', 'Thuốc đường hô hấp - ho cảm', 'Thuốc Đường Tiêu Hóa']","[12445594, 4656398, 3974400, 2335895, 1281000, 916000, 766000, 741817, 708983, 626410]","[35256, 54144, 26854, 64885, 37676, 45800, 40315, 23929, 30825, 19575]",0.0,0.0,0.0,0.0,"['HÀNG THÔNG THƯỜNG', 'THỰC PHẨM CHỨC NĂNG', 'Vật tư vật dụng y tế', 'Mỹ phẩm chăm sóc da, Dầu gội, KĐR....', 'Thuốc Phụ Khoa', 'Thuốc Tuýp', 'Thuốc Mắt - Mũi - Tai', 'Thuốc Giảm đau + Hạ sốt', 'Thuốc đường hô hấp - ho cảm', 'Thuốc Đường Tiêu Hóa']","[12445594, 4656398, 3974400, 2335895, 1281000, 916000, 766000, 741817, 708983, 626410]","[35256, 54144, 26854, 64885, 37676, 45800, 40315, 23929, 30825, 19575]","['HÀNG THÔNG THƯỜNG', 'Vật tư vật dụng y tế', 'THỰC PHẨM CHỨC NĂNG', 'Mỹ phẩm chăm sóc da, Dầu gội, KĐR....', 'Thuốc Phụ Khoa', 'Thuốc Giảm đau + Hạ sốt', 'Thuốc Tuýp', 'Thuốc đường hô hấp - ho cảm', 'Vitamin và khoáng chất', 'TPCN Dung dịch vệ sinh']","[2408107, 1480627, 1295235, 625570, 458034, 336362, 321191, 249971, 214165, 210999]","[6821, 10004, 15060, 17376, 13471, 10850, 16059, 10868, 8566, 42199]","[19.35, 37.25, 27.82, 26.78, 35.76, 45.34, 35.06, 35.26, 39.37, 44.14]","['HÀNG THÔNG THƯỜNG', 'Vật tư vật dụng y tế', 'THỰC PHẨM CHỨC NĂNG', 'Mỹ phẩm chăm sóc da, Dầu gội, KĐR....', 'Thuốc Phụ Khoa', 'Thuốc Đường Tiêu Hóa', 'Thuốc Giảm đau + Hạ sốt', 'Vitamin và khoáng chất', 'Thuốc đường hô hấp - ho cảm', 'Thuốc Tuýp']","[353, 148, 86, 36, 34, 32, 31, 25, 23, 20]","['HTT - Xịt họng nhất nhất', 'HTT - Neo Tergynan đặt phụ khoa (HN) (Việt Hà)', 'BCS Doku bạc + Doku màu hộp 10 chiếc', 'HTT - Men vi sinh Enterogermina hộp 20 ống (HN) (DKSH)', 'HTT - Hoạt Huyết Dưỡng Não hộp 5 vỉ (TPC)', 'HTT - KS Augmentin 250mg hộp 12 gói (HN) (Zuellig)', 'EVADAYS viên đặt âm đạo, phụ khoa hộp 10 viên (ĐNA)', 'Khẩu trang 3D PALMY Hộp 50 chiếc + Khẩu trang 5D MASK DUY KHÁNH hộp 100 chiếc (Ngần)', 'Quick stick - Test thử thai (HN)', 'HTT - Hoạt huyết nhất nhất']","[765000, 680000, 630000, 552500, 456000, 425000, 420000, 400000, 380000, 345000]","[109285, 340000, 70000, 92083, 57000, 141666, 140000, 44444, 29230, 115000]",0.0,0.0,0.0,0.0,"['HTT - Xịt họng nhất nhất', 'HTT - Neo Tergynan đặt phụ khoa (HN) (Việt Hà)', 'BCS Doku bạc + Doku màu hộp 10 chiếc', 'HTT - Men vi sinh Enterogermina hộp 20 ống (HN) (DKSH)', 'HTT - Hoạt Huyết Dưỡng Não hộp 5 vỉ (TPC)', 'HTT - KS Augmentin 250mg hộp 12 gói (HN) (Zuellig)', 'EVADAYS viên đặt âm đạo, phụ khoa hộp 10 viên (ĐNA)', 'Khẩu trang 3D PALMY Hộp 50 chiếc + Khẩu trang 5D MASK DUY KHÁNH hộp 100 chiếc (Ngần)', 'Quick stick - Test thử thai (HN)', 'HTT - Hoạt huyết nhất nhất']","[765000, 680000, 630000, 552500, 456000, 425000, 420000, 400000, 380000, 345000]","[109285, 340000, 70000, 92083, 57000, 141666, 140000, 44444, 29230, 115000]","['BCS Doku bạc + Doku màu hộp 10 chiếc', 'HTT - Neo Tergynan đặt phụ khoa (HN) (Việt Hà)', 'EVADAYS viên đặt âm đạo, phụ khoa hộp 10 viên (ĐNA)', 'Mãnh lực Cordycep Plus lọ 30 viên bổ thận', 'CELL SKIN hỗ trợ lông tóc móng hộp 60 viên hộp 12 vỉ (S)', 'BenoBoston - Betamethasone + Dexchlorpheniramin hộp 10 vỉ Boston', 'DDVS CANIZASS chai 200 ml có VÒI (Santafa)', 'Quick stick - Test thử thai (HN)', 'Sâm kỳ vương hộp 4 viên (A Việt)', 'HTT - Tiffy hộp 25 vỉ (HN)']","[349999, 203999, 178499, 164999, 149400, 134999, 121999, 113999, 112499, 111219]","[38888, 101999, 59499, 54999, 149400, 16874, 60999, 8769, 28124, 6951]","[55.56, 30.0, 42.5, 50.0, 66.67, 75.0, 67.78, 30.0, 37.5, 33.2]","['HTT - Tiffy hộp 25 vỉ (HN)', 'HTT - Natri 0.9% Traphaco + Nam Hà', 'Quick stick - Test thử thai (HN)', 'Bipp C hộp 35 gói DHG', 'HTT - Hapenxin 500mg xanh tím DHG', 'Methyl Boston 4mg (Boston) + THYLMEDI 4mg (Mediplantex) - Methylprednisolon 4mg', 'BCS Doku bạc + Doku màu hộp 10 chiếc', 'Alphawin New hộp 10 vỉ (Hàng tích điểm tặng quà) Win Pharma', 'Eldoper - Loperamid 2mg Ấn (HN)', 'Khẩu trang 3D PALMY Hộp 50 chiếc + Khẩu trang 5D MASK DUY KHÁNH hộp 100 chiếc (Ngần)']","[16, 13, 13, 11, 11, 10, 9, 9, 9, 9]",['SC1'],[32864249],[322198],0.0,0.0,0.0,0.0,['SC1'],[32864249],[322198],['SC1'],[8712302],[85414],[26],['SC1'],[102],404,2963.247,11090,2940,0,"['Vật tư vật dụng y tế', 'HÀNG THÔNG THƯỜNG', 'THỰC PHẨM CHỨC NĂNG', 'Thuốc đường hô hấp - ho cảm', 'Thuốc Mắt - Mũi - Tai', 'Mỹ phẩm chăm sóc da, Dầu gội, KĐR....', 'Thuốc Giảm đau + Hạ sốt', 'Thuốc Đường Tiêu Hóa', 'Vitamin và khoáng chất', 'Thuốc Phụ Khoa']","[1170.247, 903.0, 192.0, 109.0, 86.0, 84.0, 66.0, 57.0, 48.0, 45.0]","[0.0, 0.0, 0.0, 0.0, 0.0, 0.0, 0.0, 0.0, 0.0, 0.0]","[3974400, 12445594, 4656398, 708983, 766000, 2335895, 741817, 626410, 543966, 1281000]","[1480627, 2408107, 1295235, 249971, 89859, 625570, 336362, 145239, 214165, 458034]","['HÀNG THÔNG THƯỜNG', 'THỰC PHẨM CHỨC NĂNG', 'Vật tư vật dụng y tế', 'Mỹ phẩm chăm sóc da, Dầu gội, KĐR....', 'Thuốc Phụ Khoa', 'Thuốc Tuýp', 'Thuốc Mắt - Mũi - Tai', 'Thuốc Giảm đau + Hạ sốt', 'Thuốc đường hô hấp - ho cảm', 'Thuốc Đường Tiêu Hóa']","[903.0, 192.0, 1170.247, 84.0, 45.0, 30.0, 86.0, 66.0, 109.0, 57.0]","[0.0, 0.0, 0.0, 0.0, 0.0, 0.0, 0.0, 0.0, 0.0, 0.0]","[12445594, 4656398, 3974400, 2335895, 1281000, 916000, 766000, 741817, 708983, 626410]","[2408107, 1295235, 1480627, 625570, 458034, 321191, 89859, 336362, 249971, 145239]","['HÀNG THÔNG THƯỜNG', 'Vật tư vật dụng y tế', 'THỰC PHẨM CHỨC NĂNG', 'Mỹ phẩm chăm sóc da, Dầu gội, KĐR....', 'Thuốc Phụ Khoa', 'Thuốc Giảm đau + Hạ sốt', 'Thuốc Tuýp', 'Thuốc đường hô hấp - ho cảm', 'Vitamin và khoáng chất', 'TPCN Dung dịch vệ sinh']","[903.0, 1170.247, 192.0, 84.0, 45.0, 66.0, 30.0, 109.0, 48.0, 6.0]","[0.0, 0.0, 0.0, 0.0, 0.0, 0.0, 0.0, 0.0, 0.0, 0.0]","[12445594, 3974400, 4656398, 2335895, 1281000, 741817, 916000, 708983, 543966, 478000]","[2408107, 1480627, 1295235, 625570, 458034, 336362, 321191, 249971, 214165, 210999]","['Thuốc Đông Dược', 'Thuốc Da Liễu', 'Sữa rửa mặt', 'TPCN LÀM ĐẸP + VITAMIN', 'Thuốc Huyết Áp - Tim Mạch - Đường huyết', 'Thực phẩm chức năng cho bé', 'TPCN BỔ NÃO - TĂNG ĐỀ KHÁNG - MẮT', 'TPCN Dung dịch vệ sinh', 'TPCN BỔ GAN - SẮT - BÀ BẦU', 'Thuốc Kháng Virus - Kháng Nấm']","[1.0, 1.0, 2.0, 2.0, 3.0, 4.0, 4.0, 6.0, 6.0, 8.0]","[0.0, 0.0, 0.0, 0.0, 0.0, 0.0, 0.0, 0.0, 0.0, 0.0]","[9000, 140000, 290000, 100000, 52000, 379000, 214000, 478000, 95286, 123000]","[4399, 3999, 59999, 46999, 9524, 101599, 74799, 210999, 10289, 26649]","['Thuốc Đông Dược', 'Thuốc Huyết Áp - Tim Mạch - Đường huyết', 'TPCN BỔ GAN - SẮT - BÀ BẦU', 'XỊT MŨI HỌNG, RĂNG MIỆNG, VIÊN NGẬM', 'TPCN LÀM ĐẸP + VITAMIN', 'Thuốc Kháng Virus - Kháng Nấm', 'Thuốc Da Liễu', 'TPCN BỔ NÃO - TĂNG ĐỀ KHÁNG - MẮT', 'Thuốc Khác (Gout, Giãn cơ, Tẩy giun...)', 'Thuốc Tuần Hoàn Não']","[1.0, 3.0, 6.0, 10.0, 2.0, 8.0, 1.0, 4.0, 9.0, 19.0]","[0.0, 0.0, 0.0, 0.0, 0.0, 0.0, 0.0, 0.0, 0.0, 0.0]","[9000, 52000, 95286, 100000, 100000, 123000, 140000, 214000, 215000, 285000]","[4399, 9524, 10289, 41599, 46999, 26649, 3999, 74799, 12668, 94999]","['Thuốc Da Liễu', 'Thuốc Đông Dược', 'Thuốc Huyết Áp - Tim Mạch - Đường huyết', 'TPCN BỔ GAN - SẮT - BÀ BẦU', 'Thuốc Khác (Gout, Giãn cơ, Tẩy giun...)', 'Thuốc Kháng Virus - Kháng Nấm', 'XỊT MŨI HỌNG, RĂNG MIỆNG, VIÊN NGẬM', 'TPCN LÀM ĐẸP + VITAMIN', 'Sữa rửa mặt', 'Thuốc Nội tiết + Phụ Khoa']","[1.0, 1.0, 3.0, 6.0, 9.0, 8.0, 10.0, 2.0, 2.0, 22.0]","[0.0, 0.0, 0.0, 0.0, 0.0, 0.0, 0.0, 0.0, 0.0, 0.0]","[140000, 9000, 52000, 95286, 215000, 123000, 100000, 100000, 290000, 331000]","[3999, 4399, 9524, 10289, 12668, 26649, 41599, 46999, 59999, 65919]","['Khẩu trang 3D PALMY Hộp 50 chiếc + Khẩu trang 5D MASK DUY KHÁNH hộp 100 chiếc (Ngần)', 'Găng tay VGlove XANH LÁ hộp 50 đôi - 100 chiếc', 'BCS Doku bạc + Doku màu hộp 10 chiếc', 'HTT - Tiffy hộp 25 vỉ (HN)', 'HTT - Yumagel dạ dày (HN)', 'HTT - Men vi sinh Enterogermina hộp 20 ống (HN) (DKSH)', 'Say xe Thái vỉ 10 viên ( YB )', 'Fysoline Gifrer hồng nước muối sinh lý (Sohaco)', 'Viên kẹo ngậm Smart life (Việt Đức)', 'Bơm 1 hộp 100 chiếc (TQ)']","[500.0, 106.0, 100.0, 67.0, 67.0, 65.0, 60.0, 50.0, 47.0, 44.0]","[0.0, 0.0, 0.0, 0.0, 0.0, 0.0, 0.0, 0.0, 0.0, 0.0]","[400000, 159000, 630000, 335000, 335000, 552500, 60000, 200000, 31349, 35200]","[99999, 42399, 349999, 111219, 33499, 64999, 36599, 49999, 10997, 5719]","['HTT - Xịt họng nhất nhất', 'HTT - Neo Tergynan đặt phụ khoa (HN) (Việt Hà)', 'BCS Doku bạc + Doku màu hộp 10 chiếc', 'HTT - Men vi sinh Enterogermina hộp 20 ống (HN) (DKSH)', 'HTT - Hoạt Huyết Dưỡng Não hộp 5 vỉ (TPC)', 'HTT - KS Augmentin 250mg hộp 12 gói (HN) (Zuellig)', 'EVADAYS viên đặt âm đạo, phụ khoa hộp 10 viên (ĐNA)', 'Khẩu trang 3D PALMY Hộp 50 chiếc + Khẩu trang 5D MASK DUY KHÁNH hộp 100 chiếc (Ngần)', 'Quick stick - Test thử thai (HN)', 'HTT - Hoạt huyết nhất nhất']","[765000, 680000, 630000, 552500, 456000, 425000, 420000, 400000, 380000, 345000]","[0.0, 0.0, 0.0, 0.0, 0.0, 0.0, 0.0, 0.0, 0.0, 0.0]","[765000, 680000, 630000, 552500, 456000, 425000, 420000, 400000, 380000, 345000]","[107999, 203999, 349999, 64999, 23999, 45321, 178499, 99999, 113999, 44999]","['BCS Doku bạc + Doku màu hộp 10 chiếc', 'HTT - Neo Tergynan đặt phụ khoa (HN) (Việt Hà)', 'EVADAYS viên đặt âm đạo, phụ khoa hộp 10 viên (ĐNA)', 'Mãnh lực Cordycep Plus lọ 30 viên bổ thận', 'CELL SKIN hỗ trợ lông tóc móng hộp 60 viên hộp 12 vỉ (S)', 'BenoBoston - Betamethasone + Dexchlorpheniramin hộp 10 vỉ Boston', 'DDVS CANIZASS chai 200 ml có VÒI (Santafa)', 'Quick stick - Test thử thai (HN)', 'Sâm kỳ vương hộp 4 viên (A Việt)', 'HTT - Tiffy hộp 25 vỉ (HN)']","[100.0, 4.0, 6.0, 3.0, 0.747, 9.0, 2.0, 19.0, 5.0, 67.0]","[0.0, 0.0, 0.0, 0.0, 0.0, 0.0, 0.0, 0.0, 0.0, 0.0]","[630000, 680000, 420000, 330000, 224100, 180000, 180000, 380000, 300000, 335000]","[349999, 203999, 178499, 164999, 149400, 134999, 121999, 113999, 112499, 111219]","['Bình rửa mũi xoang Ích Nhân', 'Salonpas hộp 20m dán - HỘP TO có 10h nhỏ', 'CELL SKIN hỗ trợ lông tóc móng hộp 60 viên hộp 12 vỉ (S)', 'Acetab + Hapacol 325 - Paracetamol 325mg vỉ 10 viên (AH)', 'BV IBUGESIC - Ibuprofen 200mg + Paracetamol 325ng hộp 10 vỉ (Quang)', 'HTT - Súc miệng TB fresh (TPC)', 'HTT - XYLITOL VỈ 8 viên (H)', 'Betadine Throat Spray XỊT HỌNG (HN) (Zuellig)', 'Lastro 30 - Lansoprazol DHG', 'HTT - Menison 16 (Pymepharco) + METSOCORT 16 (Quang) - Methylpredsolon 16mg']","[0.5, 0.5, 0.747, 1.0, 1.0, 1.0, 1.0, 1.0, 1.0, 1.0]","[0.0, 0.0, 0.0, 0.0, 0.0, 0.0, 0.0, 0.0, 0.0, 0.0]","[25000, 13500, 224100, 5000, 12000, 28000, 6000, 105277, 20000, 30000]","[4999, 1999, 149400, 2919, 6599, 2999, 1999, 13276, 4879, 6665]","['Bơm 3 hộp 100 chiếc (TQ)', 'Clorpheniramin 4mg DHG hộp 10 vỉ', 'Cedetamin (Viên) lọ 500 viên', 'Metronidazol Hà Tây hộp 50 vỉ (HN)', 'Tramucys - Acetylcystein 200 mg hộp 30 gói (TPC)', 'Gluco Vita C kẹo ngậm (Bidiphar) + Viên ngậm Glucose - C Hà Tĩnh', 'Acetab + Hapacol 325 - Paracetamol 325mg vỉ 10 viên (AH)', 'Modom S - Domperidon 10mg hộp 10 vỉ (DHG)', 'BCS OK đỏ HỘP TO 48 hộp nhỏ x 3 chiếc']","[3.0, 1.0, 6.0, 1.0, 2.0, 1.0, 1.0, 1.0, 1.0]","[0.0, 0.0, 0.0, 0.0, 0.0, 0.0, 0.0, 0.0, 0.0]","[3000, 3000, 3000, 3500, 4000, 4000, 5000, 5000, 5000]","[1319, 1649, 2279, 829, 999, 1599, 2919, 2499, 1999]","['HTT - Efferalgan 150mg đặt hậu môn hộp 10 viên (HN) (DKSH)', 'Metronidazol Hà Tây hộp 50 vỉ (HN)', 'HTT - Dầu gội Snow Clear hộp 50 gói (C Thanh)', 'Tramucys - Acetylcystein 200 mg hộp 30 gói (TPC)', 'Bixazol kháng sinh CPC1 (TA)', 'HTT - Rotunda / Rotundin Sulfat an thần (HN)']","[2.0, 1.0, 2.0, 2.0, 1.0, 2.0]","[0.0, 0.0, 0.0, 0.0, 0.0, 0.0]","[6000, 3500, 12000, 4000, 6000, 16000]","[799, 829, 951, 999, 999, 1199]",329000.0,102,100.0,"[0, 1, 2]","[1, 1, 100]","[0.98, 0.98, 98.04]","[228000.0, 430000.0, 32206249.0]","[0.69, 1.31, 98.0]",['Kênh trực tiếp'],[1],[1],[100],['undefined'],[32864249],[322198],0.0,0.0,0.0,0.0,['undefined'],[32864249],[322198],['undefined'],[8712302],[85414],[377.22],['undefined'],[102],"[1, 2, 3, 4, 5]","[2, 1, 2, 6, 2]","[15.38, 7.69, 15.38, 46.15, 15.38]","[4064000, 751000, 935000, 3604000, 833000]","[0, 0, 0, 0, 0]","[1152896, 231114, 406239, 922669, 124282]",[0],[2],[100.0],[0],[2],[100.0]
2025-04-21,285727,54778,2025-03-01,2025-04-01,tháng trước,31,31,-1,58680172.0,100.0,168,58680172.0,0.0,58680172.0,51099703.805473104,7580468.194526891,5.419354838709677,1892908.77419355,0.0,1892908.774194,1648377.5421120357,244531.23208151263,"['HÀNG THÔNG THƯỜNG', 'THỰC PHẨM CHỨC NĂNG', 'Vật tư vật dụng y tế', 'Mỹ phẩm chăm sóc da, Dầu gội, KĐR....', 'Thuốc Tuýp', 'Thuốc đường hô hấp - ho cảm', 'Thuốc Kháng Sinh', 'Thuốc Phụ Khoa', 'Thuốc Đông Dược', 'Thuốc Mắt - Mũi - Tai']","[18523870, 7948015, 6034452, 4550190, 2609564, 2249865, 2049381, 1225563, 1201000, 1093180]","[33196, 60671, 27305, 48406, 38375, 34088, 34156, 26075, 133444, 31233]",0.0,0.0,0.0,0.0,"['HÀNG THÔNG THƯỜNG', 'THỰC PHẨM CHỨC NĂNG', 'Vật tư vật dụng y tế', 'Mỹ phẩm chăm sóc da, Dầu gội, KĐR....', 'Thuốc Tuýp', 'Thuốc đường hô hấp - ho cảm', 'Thuốc Kháng Sinh', 'Thuốc Phụ Khoa', 'Thuốc Đông Dược', 'Thuốc Mắt - Mũi - Tai']","[18523870, 7948015, 6034452, 4550190, 2609564, 2249865, 2049381, 1225563, 1201000, 1093180]","[33196, 60671, 27305, 48406, 38375, 34088, 34156, 26075, 133444, 31233]","['Vật tư vật dụng y tế', 'HÀNG THÔNG THƯỜNG', 'Thuốc đường hô hấp - ho cảm', 'Thuốc Tuýp', 'Thuốc Phụ Khoa', 'Thuốc Giảm đau + Hạ sốt', 'TPCN Dung dịch vệ sinh', 'Thuốc Đường Tiêu Hóa', 'TPCN BỔ NÃO - TĂNG ĐỀ KHÁNG - MẮT', 'Thực phẩm chức năng cho bé']","[1943444, 1794282, 608586, 484675, 429182, 346634, 338999, 305588, 294699, 261999]","[8793, 3215, 9221, 7127, 9131, 6666, 42374, 5659, 26790, 32749]","[32.21, 9.69, 27.05, 18.57, 35.02, 31.74, 60.86, 31.33, 41.04, 24.08]","['HÀNG THÔNG THƯỜNG', 'Vật tư vật dụng y tế', 'THỰC PHẨM CHỨC NĂNG', 'Mỹ phẩm chăm sóc da, Dầu gội, KĐR....', 'Thuốc Tuýp', 'Thuốc đường hô hấp - ho cảm', 'Thuốc Kháng Sinh', 'Thuốc Đường Tiêu Hóa', 'Thuốc Giảm đau + Hạ sốt', 'Thuốc Phụ Khoa']","[558, 221, 131, 94, 68, 66, 60, 54, 52, 47]","['HTT - Coveram 5/5 (HN)', 'BCS Doku bạc + Doku màu hộp 10 chiếc', 'Bảo Khí Khang Hộp dạng vỉ 20 viên (Fobic)', 'HTT - Say xe Hàn hộp 30 lọ (CL)', 'Sâm kỳ vương hộp 4 viên (A Việt)', 'Itraconazole 100mg (Itraxcop + Raxnazole + Toduc + Nibean + Taleva)', 'Maxxskin 10g kem bôi 3 thành phần (ĐNA) + Genprozol (VCP)', 'Jex dưỡng khớp hộp 60 viên (Ecogreen)', 'Kem dưỡng DABO ngày + đêm WHITEING EX', 'HTT - Xịt họng nhất nhất']","[1200000, 1001000, 925000, 879685, 840000, 800000, 697194, 630000, 604500, 595000]","[1200000, 77000, 462500, 43984, 93333, 200000, 53630, 630000, 604500, 85000]",0.0,0.0,0.0,0.0,"['HTT - Coveram 5/5 (HN)', 'BCS Doku bạc + Doku màu hộp 10 chiếc', 'Bảo Khí Khang Hộp dạng vỉ 20 viên (Fobic)', 'HTT - Say xe Hàn hộp 30 lọ (CL)', 'Sâm kỳ vương hộp 4 viên (A Việt)', 'Itraconazole 100mg (Itraxcop + Raxnazole + Toduc + Nibean + Taleva)', 'Maxxskin 10g kem bôi 3 thành phần (ĐNA) + Genprozol (VCP)', 'Jex dưỡng khớp hộp 60 viên (Ecogreen)', 'Kem dưỡng DABO ngày + đêm WHITEING EX', 'HTT - Xịt họng nhất nhất']","[1200000, 1001000, 925000, 879685, 840000, 800000, 697194, 630000, 604500, 595000]","[1200000, 77000, 462500, 43984, 93333, 200000, 53630, 630000, 604500, 85000]","['BCS Doku bạc + Doku màu hộp 10 chiếc', 'HTT - Say xe Hàn hộp 30 lọ (CL)', 'Itraconazole 100mg (Itraxcop + Raxnazole + Toduc + Nibean + Taleva)', 'Sâm kỳ vương hộp 4 viên (A Việt)', 'Maxxskin 10g kem bôi 3 thành phần (ĐNA) + Genprozol (VCP)', 'Ataxavi Vision New - Mediplantex', 'DDVS CANIZASS chai 200 ml có VÒI (Santafa)', 'Leader Win giải độc gan hộp 12 vỉ (D)', 'CALI 600 - Calcium 600 + Vitamin D lọ 30 viên USA (Nam Hà)', 'Franlucat 10 hộp 4 vỉ x 7 viên / Montelukast 10mg (Eloge)']","[600599, 322336, 319999, 314999, 297353, 291581, 243999, 204154, 190000, 173999]","[46199, 16116, 79999, 34999, 22873, 145790, 60999, 22683, 190000, 34799]","[60.0, 36.64, 40.0, 37.5, 42.65, 100.0, 67.78, 38.89, 100.0, 41.43]","['HTT - Tiffy hộp 25 vỉ (HN)', 'HTT - Say xe Hàn hộp 30 lọ (CL)', 'Alphawin New hộp 10 vỉ (Hàng tích điểm tặng quà) Win Pharma', 'Quick stick - Test thử thai (HN)', 'HTT - Natri 0.9% Traphaco + Nam Hà', 'Eldoper - Loperamid 2mg Ấn (HN)', 'HTT - KS Amoxicillin 500mg Ấn - BRAWN (HN)', 'Bluego + Zilgo - Tấm nhỏ 3 chiếc hộp 34 tấm - băng dán cá nhân (Tín Phong)', 'Bipp C hộp 35 gói DHG', 'Maxxskin 10g kem bôi 3 thành phần (ĐNA) + Genprozol (VCP)']","[27, 20, 19, 18, 18, 18, 17, 16, 14, 13]",['SC1'],[58680172],[349286],0.0,0.0,0.0,0.0,['SC1'],[58680172],[349286],['SC1'],[7580468],[45121],[12],['SC1'],[168],599,5029.996,11666,1507,0,"['Vật tư vật dụng y tế', 'HÀNG THÔNG THƯỜNG', 'Thuốc Kháng Sinh', 'THỰC PHẨM CHỨC NĂNG', 'Thuốc đường hô hấp - ho cảm', 'Mỹ phẩm chăm sóc da, Dầu gội, KĐR....', 'Thuốc Đường Tiêu Hóa', 'Thuốc Giảm đau + Hạ sốt', 'Thuốc Tuýp', 'Vitamin và khoáng chất']","[1295.4160000000002, 1256.0, 705.0, 369.54999999999995, 299.0, 183.53000000000003, 125.0, 118.0, 111.0, 96.0]","[0.0, 0.0, 0.0, 0.0, 0.0, 0.0, 0.0, 0.0, 0.0, 0.0]","[6034452, 18523870, 2049381, 7948015, 2249865, 4550190, 975329, 1092000, 2609564, 837688]","[1943444, 1794282, -75207, -466646, 608586, -41374, 305588, 346634, 484675, 136287]","['HÀNG THÔNG THƯỜNG', 'THỰC PHẨM CHỨC NĂNG', 'Vật tư vật dụng y tế', 'Mỹ phẩm chăm sóc da, Dầu gội, KĐR....', 'Thuốc Tuýp', 'Thuốc đường hô hấp - ho cảm', 'Thuốc Kháng Sinh', 'Thuốc Phụ Khoa', 'Thuốc Đông Dược', 'Thuốc Mắt - Mũi - Tai']","[1256.0, 369.54999999999995, 1295.416, 183.53, 111.0, 299.0, 705.0, 69.0, 10.0, 66.0]","[0.0, 0.0, 0.0, 0.0, 0.0, 0.0, 0.0, 0.0, 0.0, 0.0]","[18523870, 7948015, 6034452, 4550190, 2609564, 2249865, 2049381, 1225563, 1201000, 1093180]","[1794282, -466646, 1943444, -41374, 484675, 608586, -75207, 429182, 102299, -38092]","['Vật tư vật dụng y tế', 'HÀNG THÔNG THƯỜNG', 'Thuốc đường hô hấp - ho cảm', 'Thuốc Tuýp', 'Thuốc Phụ Khoa', 'Thuốc Giảm đau + Hạ sốt', 'TPCN Dung dịch vệ sinh', 'Thuốc Đường Tiêu Hóa', 'TPCN BỔ NÃO - TĂNG ĐỀ KHÁNG - MẮT', 'Thực phẩm chức năng cho bé']","[1295.416, 1256.0, 299.0, 111.0, 69.0, 118.0, 8.0, 125.0, 16.0, 50.0]","[0.0, 0.0, 0.0, 0.0, 0.0, 0.0, 0.0, 0.0, 0.0, 0.0]","[6034452, 18523870, 2249865, 2609564, 1225563, 1092000, 557000, 975329, 718000, 1088000]","[1943444, 1794282, 608586, 484675, 429182, 346634, 338999, 305588, 294699, 261999]","['TPCN BỔ THẬN - TIỀN LIỆT - U XƠ ', 'TPCN BỔ GAN - SẮT - BÀ BẦU', 'TPCN CANXI - KHỚP', 'Sữa rửa mặt', 'TPCN LÀM ĐẸP + VITAMIN', 'Thuốc Tiêm Truyền', 'Thuốc Tuần Hoàn Não', 'TPCN DẠ DÀY - ĐẠI TRÀNG', 'TPCN Dung dịch vệ sinh', 'Thuốc đường huyết']","[1.0, 2.0, 3.0, 4.0, 4.0, 4.0, 5.0, 7.0, 8.0, 9.499999999999998]","[0.0, 0.0, 0.0, 0.0, 0.0, 0.0, 0.0, 0.0, 0.0, 0.0]","[350000, 24000, 300000, 290000, 240000, 60000, 60000, 67000, 557000, 66500]","[49999, 7499, 107999, -73001, 58099, 3999, 19481, 20746, 338999, -1]","['TPCN BỔ GAN - SẮT - BÀ BẦU', 'Thuốc Tuần Hoàn Não', 'Thuốc Tiêm Truyền', 'Thuốc đường huyết', 'TPCN DẠ DÀY - ĐẠI TRÀNG', 'TPCN LÀM ĐẸP + VITAMIN', 'Sữa rửa mặt', 'TPCN CANXI - KHỚP', 'Thuốc Da Liễu', 'TPCN BỔ THẬN - TIỀN LIỆT - U XƠ ']","[2.0, 5.0, 4.0, 9.499999999999998, 7.0, 4.0, 4.0, 3.0, 11.0, 1.0]","[0.0, 0.0, 0.0, 0.0, 0.0, 0.0, 0.0, 0.0, 0.0, 0.0]","[24000, 60000, 60000, 66500, 67000, 240000, 290000, 300000, 344597, 350000]","[7499, 19481, 3999, -1, 20746, 58099, -73001, 107999, -23091, 49999]","['Thuốc Tiêm Truyền', 'TPCN BỔ GAN - SẮT - BÀ BẦU', 'Thuốc Tuần Hoàn Não']","[4.0, 2.0, 5.0]","[0.0, 0.0, 0.0]","[60000, 24000, 60000]","[3999, 7499, 19481]","['Tetracyclin 250mg', 'Khẩu trang 3D PALMY Hộp 50 chiếc + Khẩu trang 5D MASK DUY KHÁNH hộp 100 chiếc (Ngần)', 'Khẩu trang NGƯỜI LỚN SKY - AMI hộp 50 chiếc', 'Bluego + Zilgo - Tấm nhỏ 3 chiếc hộp 34 tấm - băng dán cá nhân (Tín Phong)', 'Viên kẹo ngậm Smart life (Việt Đức)', 'BCS Doku bạc + Doku màu hộp 10 chiếc', 'Bidiclor 125 - Cefaclor 125mg (Bidiphar)', 'Khẩu trang IMASK 3D hộp 50 chiếc DUY KHÁNH mỏng (Ngần)', 'HTT - Yumagel dạ dày (HN)', 'HTT - Tiffy hộp 25 vỉ (HN)']","[460.0, 262.0, 210.0, 208.0, 166.0, 143.0, 102.0, 100.0, 81.0, 79.0]","[0.0, 0.0, 0.0, 0.0, 0.0, 0.0, 0.0, 0.0, 0.0, 0.0]","[184000, 209600, 147000, 208000, 110722, 1001000, 77000, 60000, 389800, 395000]","[100279, 52399, 58799, 55119, 38843, 600599, -137201, 23999, 43149, 131139]","['HTT - Coveram 5/5 (HN)', 'BCS Doku bạc + Doku màu hộp 10 chiếc', 'Bảo Khí Khang Hộp dạng vỉ 20 viên (Fobic)', 'HTT - Say xe Hàn hộp 30 lọ (CL)', 'Sâm kỳ vương hộp 4 viên (A Việt)', 'Itraconazole 100mg (Itraxcop + Raxnazole + Toduc + Nibean + Taleva)', 'Maxxskin 10g kem bôi 3 thành phần (ĐNA) + Genprozol (VCP)', 'Jex dưỡng khớp hộp 60 viên (Ecogreen)', 'Kem dưỡng DABO ngày + đêm WHITEING EX', 'HTT - Xịt họng nhất nhất']","[1200000, 1001000, 925000, 879685, 840000, 800000, 697194, 630000, 604500, 595000]","[0.0, 0.0, 0.0, 0.0, 0.0, 0.0, 0.0, 0.0, 0.0, 0.0]","[1200000, 1001000, 925000, 879685, 840000, 800000, 697194, 630000, 604500, 595000]","[74999, 600599, 74999, 322336, 314999, 319999, 297353, 19999, 109499, 83999]","['BCS Doku bạc + Doku màu hộp 10 chiếc', 'HTT - Say xe Hàn hộp 30 lọ (CL)', 'Itraconazole 100mg (Itraxcop + Raxnazole + Toduc + Nibean + Taleva)', 'Sâm kỳ vương hộp 4 viên (A Việt)', 'Maxxskin 10g kem bôi 3 thành phần (ĐNA) + Genprozol (VCP)', 'Ataxavi Vision New - Mediplantex', 'DDVS CANIZASS chai 200 ml có VÒI (Santafa)', 'Leader Win giải độc gan hộp 12 vỉ (D)', 'CALI 600 - Calcium 600 + Vitamin D lọ 30 viên USA (Nam Hà)', 'Franlucat 10 hộp 4 vỉ x 7 viên / Montelukast 10mg (Eloge)']","[143.0, 44.0, 8.0, 14.0, 14.0, 2.0, 4.0, 35.0, 1.0, 6.0]","[0.0, 0.0, 0.0, 0.0, 0.0, 0.0, 0.0, 0.0, 0.0, 0.0]","[1001000, 879685, 800000, 840000, 697194, 291581, 360000, 525000, 190000, 420000]","[600599, 322336, 319999, 314999, 297353, 291581, 243999, 204154, 190000, 173999]","['CELL SKIN hỗ trợ lông tóc móng hộp 60 viên hộp 12 vỉ (S)', 'Kiện Cốt Vương hộp 2 vỉ (CVI)', 'Vương lão kiện (AA)', 'Pymetphage 850 - Metfomin (Pymephaco)', 'HTT - Difelene đỏ Thái / Diclofenac 5mg (HN)', 'Betadine 30ml - Rửa vết thương (HN) (Zuellig)', 'HTT - Klenzit MS/Adapalen 0.1% bôi mụn (HN) (DKSH)', 'Mãnh lực Cordycep Plus lọ 30 viên bổ thận', 'HTT - DDVS Quý Phi VIP (Thái Dương)', 'Glucose gói 200g (HN)']","[0.166, 0.2, 0.35, 0.5, 1.0, 1.0, 1.0, 1.0, 1.0, 1.0]","[0.0, 0.0, 0.0, 0.0, 0.0, 0.0, 0.0, 0.0, 0.0, 0.0]","[49800, 37200, 64750, 12500, 14000, 44000, 0, 110000, 60000, 8000]","[33200, 1999, -1, -1, 2199, 5294, -65001, 54999, 4999, 2999]",,,,,,,,,,,379250.0,168,100.0,"[0, 1, 2]","[3, 1, 164]","[1.79, 0.6, 97.62]","[1012000.0, 505000.0, 57163172.0]","[1.72, 0.86, 97.41]",['Kênh trực tiếp'],[1],[3],[164],['undefined'],[58680172],[349286],0.0,0.0,0.0,0.0,['undefined'],[58680172],[349286],['undefined'],[7580468],[45121],[774.1],['undefined'],[168],"[1, 2, 3, 4, 5]","[2, 1, 1, 6, 2]","[16.67, 8.33, 8.33, 50.0, 16.67]","[3836000, 751000, 505000, 3604000, 833000]","[0, 0, 0, 0, 0]","[1104296, 231114, 241239, 922669, 124282]",[0],[4],[100.0],[0],[4],[100.0]




User Input: Hãy phân tích cho tôi tình hình kinh doanh trong Tháng này của cửa hàng, chú ý các chỉ số tăng giảm so với kỳ trước nếu có.